******************************************************************************
                  TI ARM Linker PC v20.2.7                     
******************************************************************************
>> Linked Wed Dec 17 15:40:54 2025

OUTPUT FILE NAME:   <Adc.out>
ENTRY POINT SYMBOL: "_c_int00_noargs"  address: 00000e19


MEMORY CONFIGURATION

         name            origin    length      used     unused   attr    fill
----------------------  --------  ---------  --------  --------  ----  --------
  FLASH                 00000000   00040000  000010cc  0003ef34  R  X
  SRAM                  20000000   00008000  0000025d  00007da3  RW X


SEGMENT ALLOCATION MAP

run origin  load origin   length   init length attrs members
----------  ----------- ---------- ----------- ----- -------
00000000    00000000    000010d0   000010d0    r-x
  00000000    00000000    0000026c   0000026c    r-- .intvecs
  0000026c    0000026c    00000d08   00000d08    r-x .text
  00000f74    00000f74    00000110   00000110    r-- .const
  00001088    00001088    00000048   00000048    r-- .cinit
20000000    20000000    0000025d   00000000    rw-
  20000000    20000000    00000200   00000000    rw- .stack
  20000200    20000200    00000034   00000000    rw- .bss
  20000234    20000234    00000029   00000000    rw- .data


SECTION ALLOCATION MAP

 output                                  attributes/
section   page    origin      length       input sections
--------  ----  ----------  ----------   ----------------
.intvecs   0    00000000    0000026c     
                  00000000    0000026c     tm4c123gh6pm_startup_ccs.obj (.intvecs)

.text      0    0000026c    00000d08     
                  0000026c    0000036c     main.obj (.text)
                  000005d8    000001e0     lcd.obj (.text)
                  000007b8    0000016c     driverlib.lib : gpio.obj (.text:GPIOPadConfigSet)
                  00000924    00000118                   : sysctl.obj (.text:SysCtlClockGet)
                  00000a3c    000000f4                   : sysctl.obj (.text:SysCtlClockSet)
                  00000b30    0000009c     rtsv7M4_T_le_v4SPD16_eabi.lib : memcpy_t2.asm.obj (.text)
                  00000bcc    00000068     driverlib.lib : interrupt.obj (.text:IntEnable)
                  00000c34    00000068     rtsv7M4_T_le_v4SPD16_eabi.lib : copy_decompress_lzss.c.obj (.text:decompress:lzss:__TI_decompress_lzss)
                  00000c9c    0000004c     driverlib.lib : gpio.obj (.text:GPIOPinConfigure)
                  00000ce8    00000046                   : uart.obj (.text:UARTConfigSetExpClk)
                  00000d2e    00000002     --HOLE-- [fill = 0]
                  00000d30    00000044     rtsv7M4_T_le_v4SPD16_eabi.lib : autoinit.c.obj (.text:__TI_auto_init_nobinit_nopinit:__TI_auto_init_nobinit_nopinit)
                  00000d74    00000038     driverlib.lib : sysctl.obj (.text:SysCtlPeripheralReady)
                  00000dac    00000036     rtsv7M4_T_le_v4SPD16_eabi.lib : strncpy.c.obj (.text:strncpy)
                  00000de2    00000002     --HOLE-- [fill = 0]
                  00000de4    00000034     driverlib.lib : sysctl.obj (.text:SysCtlPeripheralEnable)
                  00000e18    00000034     rtsv7M4_T_le_v4SPD16_eabi.lib : boot_cortex_m.c.obj (.text:_c_int00_noargs:_c_int00_noargs)
                  00000e4c    0000002c     driverlib.lib : gpio.obj (.text:GPIODirModeSet)
                  00000e78    00000020                   : uart.obj (.text:UARTDisable)
                  00000e98    0000001c     rtsv7M4_T_le_v4SPD16_eabi.lib : copy_zero_init.c.obj (.text:decompress:ZI:__TI_zero_init_nomemset:__TI_zero_init_nomemset)
                  00000eb4    0000001a     driverlib.lib : gpio.obj (.text:GPIOPinTypeGPIOOutput)
                  00000ece    00000016                   : gpio.obj (.text:GPIOPinTypeUART)
                  00000ee4    00000014                   : uart.obj (.text:UARTEnable)
                  00000ef8    00000010                   : interrupt.obj (.text:IntMasterEnable)
                  00000f08    0000000e                   : uart.obj (.text:UARTCharGetNonBlocking)
                  00000f16    0000000e                   : uart.obj (.text:UARTCharsAvail)
                  00000f24    0000000e     rtsv7M4_T_le_v4SPD16_eabi.lib : copy_decompress_none.c.obj (.text:decompress:none:__TI_decompress_none)
                  00000f32    0000000c     driverlib.lib : cpu.obj (.text:CPUcpsie)
                  00000f3e    0000000c     tm4c123gh6pm_startup_ccs.obj (.text)
                  00000f4a    0000000a     driverlib.lib : uart.obj (.text:UARTIntStatus)
                  00000f54    00000008                   : uart.obj (.text:UARTIntEnable)
                  00000f5c    00000006                   : gpio.obj (.text:GPIOPinWrite)
                  00000f62    00000006                   : sysctl.obj (.text:SysCtlDelay)
                  00000f68    00000004                   : uart.obj (.text:UARTIntClear)
                  00000f6c    00000004     rtsv7M4_T_le_v4SPD16_eabi.lib : pre_init.c.obj (.text:_system_pre_init)
                  00000f70    00000004                                   : exit.c.obj (.text:abort:abort)

.const     0    00000f74    00000110     
                  00000f74    00000090     driverlib.lib : gpio.obj (.const:g_pui32GPIOBaseAddrs)
                  00001004    0000006c                   : sysctl.obj (.const:g_pui32Xtals)
                  00001070    00000014                   : interrupt.obj (.const:g_pui32EnRegs)

.cinit     0    00001088    00000048     
                  00001088    0000001f     (.cinit..data.load) [load image, compression = lzss]
                  000010a7    00000001     --HOLE-- [fill = 0]
                  000010a8    0000000c     (__TI_handler_table)
                  000010b4    00000004     --HOLE-- [fill = 0]
                  000010b8    00000008     (.cinit..bss.load) [load image, compression = zero_init]
                  000010c0    00000010     (__TI_cinit_table)

.init_array 
*          0    00000000    00000000     UNINITIALIZED

.bss       0    20000200    00000034     UNINITIALIZED
                  20000200    00000034     (.common:rxBuffer)

.data      0    20000234    00000029     UNINITIALIZED
                  20000234    00000011     main.obj (.data:ekranMetni)
                  20000245    00000011     main.obj (.data:saatMetni)
                  20000256    00000002     --HOLE--
                  20000258    00000005     main.obj (.data)

.stack     0    20000000    00000200     UNINITIALIZED
                  20000000    00000004     rtsv7M4_T_le_v4SPD16_eabi.lib : boot_cortex_m.c.obj (.stack)
                  20000004    000001fc     --HOLE--

__llvm_prf_cnts 
*          0    20000000    00000000     UNINITIALIZED

MODULE SUMMARY

       Module                         code   ro data   rw data
       ------                         ----   -------   -------
    .\
       main.obj                       876    0         91     
       tm4c123gh6pm_startup_ccs.obj   12     620       0      
       lcd.obj                        480    0         0      
    +--+------------------------------+------+---------+---------+
       Total:                         1368   620       91     
                                                              
    C:/ti/TivaWare_C_Series-2.2.0.295/driverlib/ccs/Debug/driverlib.lib
       sysctl.obj                     638    108       0      
       gpio.obj                       538    144       0      
       uart.obj                       172    0         0      
       interrupt.obj                  120    20        0      
       cpu.obj                        12     0         0      
    +--+------------------------------+------+---------+---------+
       Total:                         1480   272       0      
                                                              
    C:\ti\ccs1281\ccs\tools\compiler\ti-cgt-arm_20.2.7.LTS\lib\rtsv7M4_T_le_v4SPD16_eabi.lib
       memcpy_t2.asm.obj              156    0         0      
       copy_decompress_lzss.c.obj     104    0         0      
       autoinit.c.obj                 68     0         0      
       strncpy.c.obj                  54     0         0      
       boot_cortex_m.c.obj            52     0         0      
       copy_zero_init.c.obj           28     0         0      
       copy_decompress_none.c.obj     14     0         0      
       exit.c.obj                     4      0         0      
       pre_init.c.obj                 4      0         0      
    +--+------------------------------+------+---------+---------+
       Total:                         484    0         0      
                                                              
       Stack:                         0      0         512    
       Linker Generated:              0      67        0      
    +--+------------------------------+------+---------+---------+
       Grand Total:                   3332   959       603    


LINKER GENERATED COPY TABLES

__TI_cinit_table @ 000010c0 records: 2, size/record: 8, table size: 16
	.data: load addr=00001088, load size=0000001f bytes, run addr=20000234, run size=00000029 bytes, compression=lzss
	.bss: load addr=000010b8, load size=00000008 bytes, run addr=20000200, run size=00000034 bytes, compression=zero_init


LINKER GENERATED HANDLER TABLE

__TI_handler_table @ 000010a8 records: 3, size/record: 4, table size: 12
	index: 0, handler: __TI_decompress_lzss
	index: 1, handler: __TI_decompress_none
	index: 2, handler: __TI_zero_init


GLOBAL SYMBOLS: SORTED ALPHABETICALLY BY Name 

address   name                          
-------   ----                          
00000f71  C$$EXIT                       
00000f33  CPUcpsie                      
00000e4d  GPIODirModeSet                
000007b9  GPIOPadConfigSet              
00000c9d  GPIOPinConfigure              
00000eb5  GPIOPinTypeGPIOOutput         
00000ecf  GPIOPinTypeUART               
00000f5d  GPIOPinWrite                  
00000bcd  IntEnable                     
00000ef9  IntMasterEnable               
00000601  Lcd_Gonder                    
000006ef  Lcd_Init                      
00000673  Lcd_Komut                     
000006c7  Lcd_Konum                     
000005d9  Lcd_Pulse_Enable              
000006b5  Lcd_Temizle                   
00000685  Lcd_Yaz_Char                  
00000697  Lcd_Yaz_String                
00000f3f  ResetISR                      
00000925  SysCtlClockGet                
00000a3d  SysCtlClockSet                
00000f63  SysCtlDelay                   
00000de5  SysCtlPeripheralEnable        
00000d75  SysCtlPeripheralReady         
UNDEFED   Timer0IntHandler              
0000041b  UART0IntHandler               
00000f09  UARTCharGetNonBlocking        
00000f17  UARTCharsAvail                
00000ce9  UARTConfigSetExpClk           
00000e79  UARTDisable                   
00000ee5  UARTEnable                    
00000f69  UARTIntClear                  
00000f55  UARTIntEnable                 
00000f4b  UARTIntStatus                 
20000200  __STACK_END                   
00000200  __STACK_SIZE                  
20000200  __STACK_TOP                   
000010c0  __TI_CINIT_Base               
000010d0  __TI_CINIT_Limit              
000010a8  __TI_Handler_Table_Base       
000010b4  __TI_Handler_Table_Limit      
00000d31  __TI_auto_init_nobinit_nopinit
00000c35  __TI_decompress_lzss          
00000f25  __TI_decompress_none          
ffffffff  __TI_pprof_out_hndl           
ffffffff  __TI_prof_data_size           
ffffffff  __TI_prof_data_start          
00000000  __TI_static_base__            
00000e99  __TI_zero_init_nomemset       
00000b31  __aeabi_memcpy                
00000b31  __aeabi_memcpy4               
00000b31  __aeabi_memcpy8               
ffffffff  __binit__                     
ffffffff  __c_args__                    
UNDEFED   __mpu_init                    
20000000  __stack                       
20000000  __start___llvm_prf_cnts       
20000000  __stop___llvm_prf_cnts        
00000e19  _c_int00_noargs               
UNDEFED   _system_post_cinit            
00000f6d  _system_pre_init              
00000f71  abort                         
ffffffff  binit                         
20000234  ekranMetni                    
00000000  g_pfnVectors                  
0000047f  main                          
00000b31  memcpy                        
20000200  rxBuffer                      
20000258  rxIndex                       
20000245  saatMetni                     
00000dad  strncpy                       
2000025c  veriGeldi                     


GLOBAL SYMBOLS: SORTED BY Symbol Address 

address   name                          
-------   ----                          
00000000  __TI_static_base__            
00000000  g_pfnVectors                  
00000200  __STACK_SIZE                  
0000041b  UART0IntHandler               
0000047f  main                          
000005d9  Lcd_Pulse_Enable              
00000601  Lcd_Gonder                    
00000673  Lcd_Komut                     
00000685  Lcd_Yaz_Char                  
00000697  Lcd_Yaz_String                
000006b5  Lcd_Temizle                   
000006c7  Lcd_Konum                     
000006ef  Lcd_Init                      
000007b9  GPIOPadConfigSet              
00000925  SysCtlClockGet                
00000a3d  SysCtlClockSet                
00000b31  __aeabi_memcpy                
00000b31  __aeabi_memcpy4               
00000b31  __aeabi_memcpy8               
00000b31  memcpy                        
00000bcd  IntEnable                     
00000c35  __TI_decompress_lzss          
00000c9d  GPIOPinConfigure              
00000ce9  UARTConfigSetExpClk           
00000d31  __TI_auto_init_nobinit_nopinit
00000d75  SysCtlPeripheralReady         
00000dad  strncpy                       
00000de5  SysCtlPeripheralEnable        
00000e19  _c_int00_noargs               
00000e4d  GPIODirModeSet                
00000e79  UARTDisable                   
00000e99  __TI_zero_init_nomemset       
00000eb5  GPIOPinTypeGPIOOutput         
00000ecf  GPIOPinTypeUART               
00000ee5  UARTEnable                    
00000ef9  IntMasterEnable               
00000f09  UARTCharGetNonBlocking        
00000f17  UARTCharsAvail                
00000f25  __TI_decompress_none          
00000f33  CPUcpsie                      
00000f3f  ResetISR                      
00000f4b  UARTIntStatus                 
00000f55  UARTIntEnable                 
00000f5d  GPIOPinWrite                  
00000f63  SysCtlDelay                   
00000f69  UARTIntClear                  
00000f6d  _system_pre_init              
00000f71  C$$EXIT                       
00000f71  abort                         
000010a8  __TI_Handler_Table_Base       
000010b4  __TI_Handler_Table_Limit      
000010c0  __TI_CINIT_Base               
000010d0  __TI_CINIT_Limit              
20000000  __stack                       
20000000  __start___llvm_prf_cnts       
20000000  __stop___llvm_prf_cnts        
20000200  __STACK_END                   
20000200  __STACK_TOP                   
20000200  rxBuffer                      
20000234  ekranMetni                    
20000245  saatMetni                     
20000258  rxIndex                       
2000025c  veriGeldi                     
ffffffff  __TI_pprof_out_hndl           
ffffffff  __TI_prof_data_size           
ffffffff  __TI_prof_data_start          
ffffffff  __binit__                     
ffffffff  __c_args__                    
ffffffff  binit                         
UNDEFED   Timer0IntHandler              
UNDEFED   __mpu_init                    
UNDEFED   _system_post_cinit            

[72 symbols]
