******************************************************************************
                  TI ARM Linker PC v20.2.7                     
******************************************************************************
>> Linked Sun Dec 21 19:39:07 2025

OUTPUT FILE NAME:   <Tiva.out>
ENTRY POINT SYMBOL: "_c_int00_noargs"  address: 00000f41


MEMORY CONFIGURATION

         name            origin    length      used     unused   attr    fill
----------------------  --------  ---------  --------  --------  ----  --------
  FLASH                 00000000   00040000  0000124c  0003edb4  R  X
  SRAM                  20000000   00008000  0000024c  00007db4  RW X


SEGMENT ALLOCATION MAP

run origin  load origin   length   init length attrs members
----------  ----------- ---------- ----------- ----- -------
00000000    00000000    00001250   00001250    r-x
  00000000    00000000    0000026c   0000026c    r-- .intvecs
  0000026c    0000026c    00000eb4   00000eb4    r-x .text
  00001120    00001120    000000fc   000000fc    r-- .const
  00001220    00001220    00000030   00000030    r-- .cinit
20000000    20000000    0000024c   00000000    rw-
  20000000    20000000    00000200   00000000    rw- .stack
  20000200    20000200    00000038   00000000    rw- .bss
  20000238    20000238    00000014   00000000    rw- .data


SECTION ALLOCATION MAP

 output                                  attributes/
section   page    origin      length       input sections
--------  ----  ----------  ----------   ----------------
.intvecs   0    00000000    0000026c     
                  00000000    0000026c     tm4c123gh6pm_startup_ccs.obj (.intvecs)

.text      0    0000026c    00000eb4     
                  0000026c    0000064c     main.obj (.text)
                  000008b8    0000016c     driverlib.lib : gpio.obj (.text:GPIOPadConfigSet)
                  00000a24    00000118                   : sysctl.obj (.text:SysCtlClockGet)
                  00000b3c    000000f4                   : sysctl.obj (.text:SysCtlClockSet)
                  00000c30    0000009c     rtsv7M4_T_le_v4SPD16_eabi.lib : memcpy_t2.asm.obj (.text)
                  00000ccc    0000007a     driverlib.lib : adc.obj (.text:ADCSequenceStepConfigure)
                  00000d46    00000068     rtsv7M4_T_le_v4SPD16_eabi.lib : copy_decompress_lzss.c.obj (.text:decompress:lzss:__TI_decompress_lzss)
                  00000dae    0000004e     driverlib.lib : adc.obj (.text:ADCSequenceConfigure)
                  00000dfc    0000004c                   : gpio.obj (.text:GPIOPinConfigure)
                  00000e48    00000046                   : uart.obj (.text:UARTConfigSetExpClk)
                  00000e8e    00000002     --HOLE-- [fill = 0]
                  00000e90    00000044     rtsv7M4_T_le_v4SPD16_eabi.lib : autoinit.c.obj (.text:__TI_auto_init_nobinit_nopinit:__TI_auto_init_nobinit_nopinit)
                  00000ed4    00000038     driverlib.lib : sysctl.obj (.text:SysCtlPeripheralReady)
                  00000f0c    00000034                   : sysctl.obj (.text:SysCtlPeripheralEnable)
                  00000f40    00000034     rtsv7M4_T_le_v4SPD16_eabi.lib : boot_cortex_m.c.obj (.text:_c_int00_noargs:_c_int00_noargs)
                  00000f74    0000002e     driverlib.lib : adc.obj (.text:ADCIntStatus)
                  00000fa2    0000002c                   : gpio.obj (.text:GPIODirModeSet)
                  00000fce    00000002     --HOLE-- [fill = 0]
                  00000fd0    00000020                   : uart.obj (.text:UARTDisable)
                  00000ff0    0000001e                   : adc.obj (.text:ADCSequenceDataGet)
                  0000100e    0000001c     rtsv7M4_T_le_v4SPD16_eabi.lib : copy_zero_init.c.obj (.text:decompress:ZI:__TI_zero_init_nomemset:__TI_zero_init_nomemset)
                  0000102a    0000001a     driverlib.lib : gpio.obj (.text:GPIOPinTypeGPIOOutput)
                  00001044    00000018                   : adc.obj (.text:ADCProcessorTrigger)
                  0000105c    00000016                   : gpio.obj (.text:GPIOPinTypeADC)
                  00001072    00000016                   : gpio.obj (.text:GPIOPinTypeGPIOInput)
                  00001088    00000016                   : gpio.obj (.text:GPIOPinTypeUART)
                  0000109e    00000014                   : uart.obj (.text:UARTEnable)
                  000010b2    0000000e                   : adc.obj (.text:ADCSequenceEnable)
                  000010c0    0000000e                   : uart.obj (.text:UARTCharsAvail)
                  000010ce    0000000e     rtsv7M4_T_le_v4SPD16_eabi.lib : copy_decompress_none.c.obj (.text:decompress:none:__TI_decompress_none)
                  000010dc    0000000c     tm4c123gh6pm_startup_ccs.obj (.text)
                  000010e8    0000000a     driverlib.lib : adc.obj (.text:ADCIntClear)
                  000010f2    0000000a                   : uart.obj (.text:UARTCharGet)
                  000010fc    0000000a                   : uart.obj (.text:UARTCharPut)
                  00001106    00000006                   : gpio.obj (.text:GPIOPinRead)
                  0000110c    00000006                   : gpio.obj (.text:GPIOPinWrite)
                  00001112    00000006                   : sysctl.obj (.text:SysCtlDelay)
                  00001118    00000004     rtsv7M4_T_le_v4SPD16_eabi.lib : pre_init.c.obj (.text:_system_pre_init)
                  0000111c    00000004                                   : exit.c.obj (.text:abort:abort)

.const     0    00001120    000000fc     
                  00001120    00000090     driverlib.lib : gpio.obj (.const:g_pui32GPIOBaseAddrs)
                  000011b0    0000006c                   : sysctl.obj (.const:g_pui32Xtals)

.cinit     0    00001220    00000030     
                  00001220    0000000c     (__TI_handler_table)
                  0000122c    0000000b     (.cinit..data.load) [load image, compression = lzss]
                  00001237    00000001     --HOLE-- [fill = 0]
                  00001238    00000008     (.cinit..bss.load) [load image, compression = zero_init]
                  00001240    00000010     (__TI_cinit_table)

.init_array 
*          0    00000000    00000000     UNINITIALIZED

.bss       0    20000200    00000038     UNINITIALIZED
                  20000200    00000034     (.common:gelenBuffer)
                  20000234    00000004     (.common:adcVerisi)

.data      0    20000238    00000014     UNINITIALIZED
                  20000238    00000010     main.obj (.data)
                  20000248    00000004     main.obj (.data:lcdMetin)

.stack     0    20000000    00000200     UNINITIALIZED
                  20000000    00000004     rtsv7M4_T_le_v4SPD16_eabi.lib : boot_cortex_m.c.obj (.stack)
                  20000004    000001fc     --HOLE--

__llvm_prf_cnts 
*          0    20000000    00000000     UNINITIALIZED

MODULE SUMMARY

       Module                         code   ro data   rw data
       ------                         ----   -------   -------
    .\
       main.obj                       1612   0         76     
       tm4c123gh6pm_startup_ccs.obj   12     620       0      
    +--+------------------------------+------+---------+---------+
       Total:                         1624   620       76     
                                                              
    C:/ti/TivaWare_C_Series-2.2.0.295/driverlib/ccs/Debug/driverlib.lib
       sysctl.obj                     638    108       0      
       gpio.obj                       588    144       0      
       adc.obj                        324    0         0      
       uart.obj                       156    0         0      
    +--+------------------------------+------+---------+---------+
       Total:                         1706   252       0      
                                                              
    C:\ti\ccs1281\ccs\tools\compiler\ti-cgt-arm_20.2.7.LTS\lib\rtsv7M4_T_le_v4SPD16_eabi.lib
       memcpy_t2.asm.obj              156    0         0      
       copy_decompress_lzss.c.obj     104    0         0      
       autoinit.c.obj                 68     0         0      
       boot_cortex_m.c.obj            52     0         0      
       copy_zero_init.c.obj           28     0         0      
       copy_decompress_none.c.obj     14     0         0      
       exit.c.obj                     4      0         0      
       pre_init.c.obj                 4      0         0      
    +--+------------------------------+------+---------+---------+
       Total:                         430    0         0      
                                                              
       Stack:                         0      0         512    
       Linker Generated:              0      47        0      
    +--+------------------------------+------+---------+---------+
       Grand Total:                   3760   919       588    


LINKER GENERATED COPY TABLES

__TI_cinit_table @ 00001240 records: 2, size/record: 8, table size: 16
	.data: load addr=0000122c, load size=0000000b bytes, run addr=20000238, run size=00000014 bytes, compression=lzss
	.bss: load addr=00001238, load size=00000008 bytes, run addr=20000200, run size=00000038 bytes, compression=zero_init


LINKER GENERATED HANDLER TABLE

__TI_handler_table @ 00001220 records: 3, size/record: 4, table size: 12
	index: 0, handler: __TI_decompress_lzss
	index: 1, handler: __TI_decompress_none
	index: 2, handler: __TI_zero_init


GLOBAL SYMBOLS: SORTED ALPHABETICALLY BY Name 

address   name                          
-------   ----                          
000010e9  ADCIntClear                   
00000f75  ADCIntStatus                  
00001045  ADCProcessorTrigger           
00000daf  ADCSequenceConfigure          
00000ff1  ADCSequenceDataGet            
000010b3  ADCSequenceEnable             
00000ccd  ADCSequenceStepConfigure      
0000111d  C$$EXIT                       
00000fa3  GPIODirModeSet                
000008b9  GPIOPadConfigSet              
00000dfd  GPIOPinConfigure              
00001107  GPIOPinRead                   
0000105d  GPIOPinTypeADC                
00001073  GPIOPinTypeGPIOInput          
0000102b  GPIOPinTypeGPIOOutput         
00001089  GPIOPinTypeUART               
0000110d  GPIOPinWrite                  
0000026d  IntToString                   
000002ff  Lcd_Gonder                    
000003c3  Lcd_Init                      
00000371  Lcd_Komut                     
000003a3  Lcd_Konum                     
000002d7  Lcd_Pulse                     
00000383  Lcd_Yaz                       
000010dd  ResetISR                      
00000477  Setup                         
00000a25  SysCtlClockGet                
00000b3d  SysCtlClockSet                
00001113  SysCtlDelay                   
00000f0d  SysCtlPeripheralEnable        
00000ed5  SysCtlPeripheralReady         
00000847  Timer0IntHandler              
00000845  UART0IntHandler               
000010f3  UARTCharGet                   
000010fd  UARTCharPut                   
000010c1  UARTCharsAvail                
00000e49  UARTConfigSetExpClk           
00000fd1  UARTDisable                   
0000109f  UARTEnable                    
000002b7  UART_Yaz                      
20000200  __STACK_END                   
00000200  __STACK_SIZE                  
20000200  __STACK_TOP                   
00001240  __TI_CINIT_Base               
00001250  __TI_CINIT_Limit              
00001220  __TI_Handler_Table_Base       
0000122c  __TI_Handler_Table_Limit      
00000e91  __TI_auto_init_nobinit_nopinit
00000d47  __TI_decompress_lzss          
000010cf  __TI_decompress_none          
ffffffff  __TI_pprof_out_hndl           
ffffffff  __TI_prof_data_size           
ffffffff  __TI_prof_data_start          
00000000  __TI_static_base__            
0000100f  __TI_zero_init_nomemset       
00000c31  __aeabi_memcpy                
00000c31  __aeabi_memcpy4               
00000c31  __aeabi_memcpy8               
ffffffff  __binit__                     
ffffffff  __c_args__                    
UNDEFED   __mpu_init                    
20000000  __stack                       
20000000  __start___llvm_prf_cnts       
20000000  __stop___llvm_prf_cnts        
00000f41  _c_int00_noargs               
UNDEFED   _system_post_cinit            
00001119  _system_pre_init              
0000111d  abort                         
20000234  adcVerisi                     
ffffffff  binit                         
2000023c  dakika                        
00000000  g_pfnVectors                  
20000200  gelenBuffer                   
20000244  gelenIndex                    
20000248  lcdMetin                      
00000585  main                          
00000c31  memcpy                        
20000238  saat                          
20000240  saniye                        


GLOBAL SYMBOLS: SORTED BY Symbol Address 

address   name                          
-------   ----                          
00000000  __TI_static_base__            
00000000  g_pfnVectors                  
00000200  __STACK_SIZE                  
0000026d  IntToString                   
000002b7  UART_Yaz                      
000002d7  Lcd_Pulse                     
000002ff  Lcd_Gonder                    
00000371  Lcd_Komut                     
00000383  Lcd_Yaz                       
000003a3  Lcd_Konum                     
000003c3  Lcd_Init                      
00000477  Setup                         
00000585  main                          
00000845  UART0IntHandler               
00000847  Timer0IntHandler              
000008b9  GPIOPadConfigSet              
00000a25  SysCtlClockGet                
00000b3d  SysCtlClockSet                
00000c31  __aeabi_memcpy                
00000c31  __aeabi_memcpy4               
00000c31  __aeabi_memcpy8               
00000c31  memcpy                        
00000ccd  ADCSequenceStepConfigure      
00000d47  __TI_decompress_lzss          
00000daf  ADCSequenceConfigure          
00000dfd  GPIOPinConfigure              
00000e49  UARTConfigSetExpClk           
00000e91  __TI_auto_init_nobinit_nopinit
00000ed5  SysCtlPeripheralReady         
00000f0d  SysCtlPeripheralEnable        
00000f41  _c_int00_noargs               
00000f75  ADCIntStatus                  
00000fa3  GPIODirModeSet                
00000fd1  UARTDisable                   
00000ff1  ADCSequenceDataGet            
0000100f  __TI_zero_init_nomemset       
0000102b  GPIOPinTypeGPIOOutput         
00001045  ADCProcessorTrigger           
0000105d  GPIOPinTypeADC                
00001073  GPIOPinTypeGPIOInput          
00001089  GPIOPinTypeUART               
0000109f  UARTEnable                    
000010b3  ADCSequenceEnable             
000010c1  UARTCharsAvail                
000010cf  __TI_decompress_none          
000010dd  ResetISR                      
000010e9  ADCIntClear                   
000010f3  UARTCharGet                   
000010fd  UARTCharPut                   
00001107  GPIOPinRead                   
0000110d  GPIOPinWrite                  
00001113  SysCtlDelay                   
00001119  _system_pre_init              
0000111d  C$$EXIT                       
0000111d  abort                         
00001220  __TI_Handler_Table_Base       
0000122c  __TI_Handler_Table_Limit      
00001240  __TI_CINIT_Base               
00001250  __TI_CINIT_Limit              
20000000  __stack                       
20000000  __start___llvm_prf_cnts       
20000000  __stop___llvm_prf_cnts        
20000200  __STACK_END                   
20000200  __STACK_TOP                   
20000200  gelenBuffer                   
20000234  adcVerisi                     
20000238  saat                          
2000023c  dakika                        
20000240  saniye                        
20000244  gelenIndex                    
20000248  lcdMetin                      
ffffffff  __TI_pprof_out_hndl           
ffffffff  __TI_prof_data_size           
ffffffff  __TI_prof_data_start          
ffffffff  __binit__                     
ffffffff  __c_args__                    
ffffffff  binit                         
UNDEFED   __mpu_init                    
UNDEFED   _system_post_cinit            

[79 symbols]
