******************************************************************************
                  TI ARM Linker PC v20.2.7                     
******************************************************************************
>> Linked Mon Jan  5 15:48:49 2026

OUTPUT FILE NAME:   <mikro_hafta1_odev3.out>
ENTRY POINT SYMBOL: "_c_int00_noinit_noargs"  address: 00000915


MEMORY CONFIGURATION

         name            origin    length      used     unused   attr    fill
----------------------  --------  ---------  --------  --------  ----  --------
  FLASH                 00000000   00040000  000009e6  0003f61a  R  X
  SRAM                  20000000   00008000  00000200  00007e00  RW X


SEGMENT ALLOCATION MAP

run origin  load origin   length   init length attrs members
----------  ----------- ---------- ----------- ----- -------
00000000    00000000    000009e8   000009e8    r-x
  00000000    00000000    0000026c   0000026c    r-- .intvecs
  0000026c    0000026c    0000070e   0000070e    r-x .text
  0000097c    0000097c    0000006c   0000006c    r-- .const
20000000    20000000    00000200   00000000    rw-
  20000000    20000000    00000200   00000000    rw- .stack


SECTION ALLOCATION MAP

 output                                  attributes/
section   page    origin      length       input sections
--------  ----  ----------  ----------   ----------------
.intvecs   0    00000000    0000026c     
                  00000000    0000026c     tm4c123gh6pm_startup_ccs.obj (.intvecs)

.text      0    0000026c    0000070e     
                  0000026c    00000288     lcd.obj (.text)
                  000004f4    0000016c     driverlib.lib : gpio.obj (.text:GPIOPadConfigSet)
                  00000660    00000118                   : sysctl.obj (.text:SysCtlClockGet)
                  00000778    000000f4                   : sysctl.obj (.text:SysCtlClockSet)
                  0000086c    00000048     main.obj (.text)
                  000008b4    00000034     driverlib.lib : sysctl.obj (.text:SysCtlPeripheralEnable)
                  000008e8    0000002c                   : gpio.obj (.text:GPIODirModeSet)
                  00000914    0000002c     rtsv7M4_T_le_v4SPD16_eabi.lib : boot_cortex_m.c.obj (.text:_c_int00_noinit_noargs:_c_int00_noinit_noargs)
                  00000940    0000001a     driverlib.lib : gpio.obj (.text:GPIOPinTypeGPIOOutput)
                  0000095a    0000000c     tm4c123gh6pm_startup_ccs.obj (.text)
                  00000966    00000006     driverlib.lib : gpio.obj (.text:GPIOPinWrite)
                  0000096c    00000006                   : sysctl.obj (.text:SysCtlDelay)
                  00000972    00000004     rtsv7M4_T_le_v4SPD16_eabi.lib : pre_init.c.obj (.text:_system_pre_init)
                  00000976    00000004                                   : exit.c.obj (.text:abort:abort)

.const     0    0000097c    0000006c     
                  0000097c    0000006c     driverlib.lib : sysctl.obj (.const:g_pui32Xtals)

.cinit     0    00000000    00000000     UNINITIALIZED

.init_array 
*          0    00000000    00000000     UNINITIALIZED

.stack     0    20000000    00000200     UNINITIALIZED
                  20000000    00000004     rtsv7M4_T_le_v4SPD16_eabi.lib : boot_cortex_m.c.obj (.stack)
                  20000004    000001fc     --HOLE--

__llvm_prf_cnts 
*          0    20000000    00000000     UNINITIALIZED

MODULE SUMMARY

       Module                         code   ro data   rw data
       ------                         ----   -------   -------
    .\
       lcd.obj                        648    0         0      
       tm4c123gh6pm_startup_ccs.obj   12     620       0      
       main.obj                       72     0         0      
    +--+------------------------------+------+---------+---------+
       Total:                         732    620       0      
                                                              
    C:/ti/TivaWare_C_Series-2.2.0.295/driverlib/ccs/Debug/driverlib.lib
       sysctl.obj                     582    108       0      
       gpio.obj                       440    0         0      
    +--+------------------------------+------+---------+---------+
       Total:                         1022   108       0      
                                                              
    C:\ti\ccs1281\ccs\tools\compiler\ti-cgt-arm_20.2.7.LTS\lib\rtsv7M4_T_le_v4SPD16_eabi.lib
       boot_cortex_m.c.obj            44     0         0      
       exit.c.obj                     4      0         0      
       pre_init.c.obj                 4      0         0      
    +--+------------------------------+------+---------+---------+
       Total:                         52     0         0      
                                                              
       Stack:                         0      0         512    
    +--+------------------------------+------+---------+---------+
       Grand Total:                   1806   728       512    


GLOBAL SYMBOLS: SORTED ALPHABETICALLY BY Name 

address   name                   
-------   ----                   
00000977  C$$EXIT                
000008e9  GPIODirModeSet         
000004f5  GPIOPadConfigSet       
00000941  GPIOPinTypeGPIOOutput  
00000967  GPIOPinWrite           
00000485  Lcd_Goto               
0000037d  Lcd_Komut              
00000401  Lcd_Putch              
000004d1  Lcd_Puts               
000004b7  Lcd_Temizle            
0000026d  Lcd_init               
0000095b  ResetISR               
00000661  SysCtlClockGet         
00000779  SysCtlClockSet         
0000096d  SysCtlDelay            
000008b5  SysCtlPeripheralEnable 
20000200  __STACK_END            
00000200  __STACK_SIZE           
20000200  __STACK_TOP            
ffffffff  __TI_pprof_out_hndl    
ffffffff  __TI_prof_data_size    
ffffffff  __TI_prof_data_start   
00000000  __TI_static_base__     
ffffffff  __binit__              
ffffffff  __c_args__             
UNDEFED   __mpu_init             
20000000  __stack                
20000000  __start___llvm_prf_cnts
20000000  __stop___llvm_prf_cnts 
00000915  _c_int00_noinit_noargs 
00000973  _system_pre_init       
00000977  abort                  
ffffffff  binit                  
00000000  g_pfnVectors           
0000086d  main                   


GLOBAL SYMBOLS: SORTED BY Symbol Address 

address   name                   
-------   ----                   
00000000  __TI_static_base__     
00000000  g_pfnVectors           
00000200  __STACK_SIZE           
0000026d  Lcd_init               
0000037d  Lcd_Komut              
00000401  Lcd_Putch              
00000485  Lcd_Goto               
000004b7  Lcd_Temizle            
000004d1  Lcd_Puts               
000004f5  GPIOPadConfigSet       
00000661  SysCtlClockGet         
00000779  SysCtlClockSet         
0000086d  main                   
000008b5  SysCtlPeripheralEnable 
000008e9  GPIODirModeSet         
00000915  _c_int00_noinit_noargs 
00000941  GPIOPinTypeGPIOOutput  
0000095b  ResetISR               
00000967  GPIOPinWrite           
0000096d  SysCtlDelay            
00000973  _system_pre_init       
00000977  C$$EXIT                
00000977  abort                  
20000000  __stack                
20000000  __start___llvm_prf_cnts
20000000  __stop___llvm_prf_cnts 
20000200  __STACK_END            
20000200  __STACK_TOP            
ffffffff  __TI_pprof_out_hndl    
ffffffff  __TI_prof_data_size    
ffffffff  __TI_prof_data_start   
ffffffff  __binit__              
ffffffff  __c_args__             
ffffffff  binit                  
UNDEFED   __mpu_init             

[35 symbols]
