******************************************************************************
                  TI ARM Linker PC v20.2.7                     
******************************************************************************
>> Linked Wed Jan  7 13:20:08 2026

OUTPUT FILE NAME:   <Project3.out>
ENTRY POINT SYMBOL: "_c_int00_noargs"  address: 00002819


MEMORY CONFIGURATION

         name            origin    length      used     unused   attr    fill
----------------------  --------  ---------  --------  --------  ----  --------
  FLASH                 00000000   00040000  00002bf8  0003d408  R  X
  SRAM                  20000000   00008000  0000021c  00007de4  RW X


SEGMENT ALLOCATION MAP

run origin  load origin   length   init length attrs members
----------  ----------- ---------- ----------- ----- -------
00000000    00000000    00002bf8   00002bf8    r-x
  00000000    00000000    0000026c   0000026c    r-- .intvecs
  0000026c    0000026c    000027ec   000027ec    r-x .text
  00002a58    00002a58    00000170   00000170    r-- .const
  00002bc8    00002bc8    00000030   00000030    r-- .cinit
20000000    20000000    0000021c   00000000    rw-
  20000000    20000000    00000200   00000000    rw- .stack
  20000200    20000200    00000018   00000000    rw- .bss
  20000218    20000218    00000004   00000000    rw- .data


SECTION ALLOCATION MAP

 output                                  attributes/
section   page    origin      length       input sections
--------  ----  ----------  ----------   ----------------
.intvecs   0    00000000    0000026c     
                  00000000    0000026c     tm4c123gh6pm_startup_ccs.obj (.intvecs)

.text      0    0000026c    000027ec     
                  0000026c    00000a4e     rtsv7M4_T_le_v4SPD16_eabi.lib : _printfi.c.obj (.text:__TI_printfi)
                  00000cba    00000002                                   : div0.asm.obj (.text)
                  00000cbc    00000270                                   : _printfi.c.obj (.text:_pconv_a)
                  00000f2c    000001e0     lcd.obj (.text)
                  0000110c    000001d0     rtsv7M4_T_le_v4SPD16_eabi.lib : _printfi.c.obj (.text:_pconv_g)
                  000012dc    000001b6                                   : fd_add_t2.asm.obj (.text)
                  00001492    00000002     --HOLE-- [fill = 0]
                  00001494    00000194     main.obj (.text)
                  00001628    0000016c     driverlib.lib : gpio.obj (.text:GPIOPadConfigSet)
                  00001794    0000013c     rtsv7M4_T_le_v4SPD16_eabi.lib : _printfi.c.obj (.text:_pconv_e)
                  000018d0    00000136                                   : fd_div_t2.asm.obj (.text)
                  00001a06    00000002     --HOLE-- [fill = 0]
                  00001a08    00000124                                   : _printfi.c.obj (.text:fcvt)
                  00001b2c    00000118     driverlib.lib : sysctl.obj (.text:SysCtlClockGet)
                  00001c44    00000110     rtsv7M4_T_le_v4SPD16_eabi.lib : s_scalbn.c.obj (.text:scalbn)
                  00001d54    000000fc                                   : fd_mul_t2.asm.obj (.text)
                  00001e50    000000f4     driverlib.lib : sysctl.obj (.text:SysCtlClockSet)
                  00001f44    000000b1     rtsv7M4_T_le_v4SPD16_eabi.lib : _printfi.c.obj (.text:_ltostr)
                  00001ff5    00000001     --HOLE-- [fill = 0]
                  00001ff6    0000009c                                   : memcpy_t2.asm.obj (.text)
                  00002092    00000096                                   : ull_div_t2.asm.obj (.text)
                  00002128    00000086                                   : fd_cmp_t2.asm.obj (.text:__aeabi_cdcmple)
                  000021ae    00000086                                   : fd_cmp_t2.asm.obj (.text:__aeabi_cdrcmple)
                  00002234    0000007a     driverlib.lib : adc.obj (.text:ADCSequenceStepConfigure)
                  000022ae    0000007a     rtsv7M4_T_le_v4SPD16_eabi.lib : memset_t2.asm.obj (.text)
                  00002328    0000006e                                   : _printfi.c.obj (.text:_mcpy)
                  00002396    0000006e                                   : fd_tos_t2.asm.obj (.text)
                  00002404    00000068                                   : copy_decompress_lzss.c.obj (.text:decompress:lzss:__TI_decompress_lzss)
                  0000246c    00000064                                   : s_frexp.c.obj (.text:frexp)
                  000024d0    00000056                                   : _printfi.c.obj (.text:_pconv_f)
                  00002526    00000054                                   : _ltoa.c.obj (.text:__TI_ltoa)
                  0000257a    00000052                                   : _printfi.c.obj (.text:_ecpy)
                  000025cc    0000004e     driverlib.lib : adc.obj (.text:ADCSequenceConfigure)
                  0000261a    00000002     --HOLE-- [fill = 0]
                  0000261c    0000004c     rtsv7M4_T_le_v4SPD16_eabi.lib : atoi.c.obj (.text:atoi)
                  00002668    00000048                                   : fd_toi_t2.asm.obj (.text)
                  000026b0    00000044                                   : autoinit.c.obj (.text:__TI_auto_init_nobinit_nopinit:__TI_auto_init_nobinit_nopinit)
                  000026f4    00000040                                   : sprintf.c.obj (.text:sprintf)
                  00002734    0000003e                                   : _printfi.c.obj (.text:_fcpy)
                  00002772    00000002     --HOLE-- [fill = 0]
                  00002774    00000038     driverlib.lib : sysctl.obj (.text:SysCtlPeripheralReady)
                  000027ac    00000038     rtsv7M4_T_le_v4SPD16_eabi.lib : fs_tod_t2.asm.obj (.text)
                  000027e4    00000034     driverlib.lib : sysctl.obj (.text:SysCtlPeripheralEnable)
                  00002818    00000034     rtsv7M4_T_le_v4SPD16_eabi.lib : boot_cortex_m.c.obj (.text:_c_int00_noargs:_c_int00_noargs)
                  0000284c    0000002e     driverlib.lib : adc.obj (.text:ADCIntStatus)
                  0000287a    0000002e     rtsv7M4_T_le_v4SPD16_eabi.lib : i_tofd_t2.asm.obj (.text)
                  000028a8    0000002c     driverlib.lib : gpio.obj (.text:GPIODirModeSet)
                  000028d4    00000020     rtsv7M4_T_le_v4SPD16_eabi.lib : u_tofd_t2.asm.obj (.text)
                  000028f4    0000001e     driverlib.lib : adc.obj (.text:ADCSequenceDataGet)
                  00002912    0000001c     rtsv7M4_T_le_v4SPD16_eabi.lib : copy_zero_init.c.obj (.text:decompress:ZI:__TI_zero_init_nomemset:__TI_zero_init_nomemset)
                  0000292e    0000001c                                   : memccpy.c.obj (.text:memccpy)
                  0000294a    0000001a     driverlib.lib : gpio.obj (.text:GPIOPinTypeGPIOOutput)
                  00002964    0000001a     rtsv7M4_T_le_v4SPD16_eabi.lib : s_copysign.c.obj (.text:copysign)
                  0000297e    00000018     driverlib.lib : adc.obj (.text:ADCProcessorTrigger)
                  00002996    00000018     rtsv7M4_T_le_v4SPD16_eabi.lib : sprintf.c.obj (.text:_outs)
                  000029ae    00000016     driverlib.lib : gpio.obj (.text:GPIOPinTypeADC)
                  000029c4    00000016     rtsv7M4_T_le_v4SPD16_eabi.lib : strchr.c.obj (.text:strchr)
                  000029da    00000014                                   : strlen.c.obj (.text:strlen)
                  000029ee    00000012                                   : wcslen.c.obj (.text:wcslen)
                  00002a00    0000000e     driverlib.lib : adc.obj (.text:ADCSequenceEnable)
                  00002a0e    0000000e     rtsv7M4_T_le_v4SPD16_eabi.lib : copy_decompress_none.c.obj (.text:decompress:none:__TI_decompress_none)
                  00002a1c    0000000c     tm4c123gh6pm_startup_ccs.obj (.text)
                  00002a28    0000000a     driverlib.lib : adc.obj (.text:ADCIntClear)
                  00002a32    0000000a     rtsv7M4_T_le_v4SPD16_eabi.lib : sprintf.c.obj (.text:_outc)
                  00002a3c    00000008                                   : errno.c.obj (.text:__aeabi_errno_addr)
                  00002a44    00000006     driverlib.lib : gpio.obj (.text:GPIOPinWrite)
                  00002a4a    00000006                   : sysctl.obj (.text:SysCtlDelay)
                  00002a50    00000004     rtsv7M4_T_le_v4SPD16_eabi.lib : pre_init.c.obj (.text:_system_pre_init)
                  00002a54    00000004                                   : exit.c.obj (.text:abort:abort)

.const     0    00002a58    00000170     
                  00002a58    00000101     rtsv7M4_T_le_v4SPD16_eabi.lib : ctype.c.obj (.const:.string:_ctypes_)
                  00002b59    00000003     --HOLE-- [fill = 0]
                  00002b5c    0000006c     driverlib.lib : sysctl.obj (.const:g_pui32Xtals)

.cinit     0    00002bc8    00000030     
                  00002bc8    0000000c     (__TI_handler_table)
                  00002bd4    00000004     --HOLE-- [fill = 0]
                  00002bd8    00000008     (.cinit..bss.load) [load image, compression = zero_init]
                  00002be0    00000007     (.cinit..data.load) [load image, compression = lzss]
                  00002be7    00000001     --HOLE-- [fill = 0]
                  00002be8    00000010     (__TI_cinit_table)

.init_array 
*          0    00000000    00000000     UNINITIALIZED

.bss       0    20000200    00000018     UNINITIALIZED
                  20000200    00000010     (.common:buffer)
                  20000210    00000004     (.common:ui32ADC0Value)
                  20000214    00000004     (.common:voltaj)

.data      0    20000218    00000004     UNINITIALIZED
                  20000218    00000004     rtsv7M4_T_le_v4SPD16_eabi.lib : errno.c.obj (.data)

.stack     0    20000000    00000200     UNINITIALIZED
                  20000000    00000004     rtsv7M4_T_le_v4SPD16_eabi.lib : boot_cortex_m.c.obj (.stack)
                  20000004    000001fc     --HOLE--

__llvm_prf_cnts 
*          0    20000000    00000000     UNINITIALIZED

MODULE SUMMARY

       Module                         code    ro data   rw data
       ------                         ----    -------   -------
    .\
       tm4c123gh6pm_startup_ccs.obj   12      620       0      
       lcd.obj                        480     0         0      
       main.obj                       404     0         24     
    +--+------------------------------+-------+---------+---------+
       Total:                         896     620       24     
                                                               
    C:/ti/TivaWare_C_Series-2.2.0.295/driverlib/ccs/Debug/driverlib.lib
       sysctl.obj                     638     108       0      
       gpio.obj                       462     0         0      
       adc.obj                        324     0         0      
    +--+------------------------------+-------+---------+---------+
       Total:                         1424    108       0      
                                                               
    C:\ti\ccs1281\ccs\tools\compiler\ti-cgt-arm_20.2.7.LTS\lib\rtsv7M4_T_le_v4SPD16_eabi.lib
       _printfi.c.obj                 4851    0         0      
       fd_add_t2.asm.obj              438     0         0      
       fd_div_t2.asm.obj              310     0         0      
       s_scalbn.c.obj                 272     0         0      
       fd_cmp_t2.asm.obj              268     0         0      
       ctype.c.obj                    0       257       0      
       fd_mul_t2.asm.obj              252     0         0      
       memcpy_t2.asm.obj              156     0         0      
       ull_div_t2.asm.obj             150     0         0      
       memset_t2.asm.obj              122     0         0      
       fd_tos_t2.asm.obj              110     0         0      
       copy_decompress_lzss.c.obj     104     0         0      
       s_frexp.c.obj                  100     0         0      
       sprintf.c.obj                  98      0         0      
       _ltoa.c.obj                    84      0         0      
       atoi.c.obj                     76      0         0      
       fd_toi_t2.asm.obj              72      0         0      
       autoinit.c.obj                 68      0         0      
       fs_tod_t2.asm.obj              56      0         0      
       boot_cortex_m.c.obj            52      0         0      
       i_tofd_t2.asm.obj              46      0         0      
       u_tofd_t2.asm.obj              32      0         0      
       copy_zero_init.c.obj           28      0         0      
       memccpy.c.obj                  28      0         0      
       s_copysign.c.obj               26      0         0      
       strchr.c.obj                   22      0         0      
       strlen.c.obj                   20      0         0      
       wcslen.c.obj                   18      0         0      
       copy_decompress_none.c.obj     14      0         0      
       errno.c.obj                    8       0         4      
       exit.c.obj                     4       0         0      
       pre_init.c.obj                 4       0         0      
       div0.asm.obj                   2       0         0      
    +--+------------------------------+-------+---------+---------+
       Total:                         7891    257       4      
                                                               
       Stack:                         0       0         512    
       Linker Generated:              0       43        0      
    +--+------------------------------+-------+---------+---------+
       Grand Total:                   10211   1028      540    


LINKER GENERATED COPY TABLES

__TI_cinit_table @ 00002be8 records: 2, size/record: 8, table size: 16
	.bss: load addr=00002bd8, load size=00000008 bytes, run addr=20000200, run size=00000018 bytes, compression=zero_init
	.data: load addr=00002be0, load size=00000007 bytes, run addr=20000218, run size=00000004 bytes, compression=lzss


LINKER GENERATED HANDLER TABLE

__TI_handler_table @ 00002bc8 records: 3, size/record: 4, table size: 12
	index: 0, handler: __TI_decompress_lzss
	index: 1, handler: __TI_decompress_none
	index: 2, handler: __TI_zero_init


GLOBAL SYMBOLS: SORTED ALPHABETICALLY BY Name 

address   name                          
-------   ----                          
00002a29  ADCIntClear                   
0000284d  ADCIntStatus                  
0000297f  ADCProcessorTrigger           
000025cd  ADCSequenceConfigure          
000028f5  ADCSequenceDataGet            
00002a01  ADCSequenceEnable             
00002235  ADCSequenceStepConfigure      
00002a55  C$$EXIT                       
000028a9  GPIODirModeSet                
00001629  GPIOPadConfigSet              
000029af  GPIOPinTypeADC                
0000294b  GPIOPinTypeGPIOOutput         
00002a45  GPIOPinWrite                  
00000f55  Lcd_Gonder                    
00001043  Lcd_Init                      
00000fc7  Lcd_Komut                     
0000101b  Lcd_Konum                     
00000f2d  Lcd_Pulse_Enable              
00001009  Lcd_Temizle                   
00000fd9  Lcd_Yaz_Char                  
00000feb  Lcd_Yaz_String                
00002a1d  ResetISR                      
00001495  Setup_ADC                     
00001b2d  SysCtlClockGet                
00001e51  SysCtlClockSet                
00002a4b  SysCtlDelay                   
000027e5  SysCtlPeripheralEnable        
00002775  SysCtlPeripheralReady         
20000200  __STACK_END                   
00000200  __STACK_SIZE                  
20000200  __STACK_TOP                   
00002be8  __TI_CINIT_Base               
00002bf8  __TI_CINIT_Limit              
00002bc8  __TI_Handler_Table_Base       
00002bd4  __TI_Handler_Table_Limit      
000026b1  __TI_auto_init_nobinit_nopinit
00002405  __TI_decompress_lzss          
00002a0f  __TI_decompress_none          
00002527  __TI_ltoa                     
ffffffff  __TI_pprof_out_hndl           
0000026d  __TI_printfi                  
ffffffff  __TI_prof_data_size           
ffffffff  __TI_prof_data_start          
00000000  __TI_static_base__            
00002913  __TI_zero_init_nomemset       
00002129  __aeabi_cdcmpeq               
00002129  __aeabi_cdcmple               
000021af  __aeabi_cdrcmple              
00002397  __aeabi_d2f                   
00002669  __aeabi_d2iz                  
000012e7  __aeabi_dadd                  
000018d1  __aeabi_ddiv                  
00001d55  __aeabi_dmul                  
000012dd  __aeabi_dsub                  
00002a3d  __aeabi_errno_addr            
000027ad  __aeabi_f2d                   
0000287b  __aeabi_i2d                   
00000cbb  __aeabi_idiv0                 
00000cbb  __aeabi_ldiv0                 
000022af  __aeabi_memclr                
000022af  __aeabi_memclr4               
000022af  __aeabi_memclr8               
00001ff7  __aeabi_memcpy                
00001ff7  __aeabi_memcpy4               
00001ff7  __aeabi_memcpy8               
000022b1  __aeabi_memset                
000022b1  __aeabi_memset4               
000022b1  __aeabi_memset8               
000028d5  __aeabi_ui2d                  
00002093  __aeabi_uldivmod              
ffffffff  __binit__                     
ffffffff  __c_args__                    
UNDEFED   __mpu_init                    
20000000  __stack                       
20000000  __start___llvm_prf_cnts       
20000000  __stop___llvm_prf_cnts        
00002819  _c_int00_noargs               
00002a58  _ctypes_                      
UNDEFED   _system_post_cinit            
00002a51  _system_pre_init              
00002a55  abort                         
0000261d  atoi                          
ffffffff  binit                         
20000200  buffer                        
00002965  copysign                      
00002965  copysignl                     
20000218  errno                         
0000246d  frexp                         
0000246d  frexpl                        
00000000  g_pfnVectors                  
00001c45  ldexp                         
00001c45  ldexpl                        
000014df  main                          
0000292f  memccpy                       
00001ff7  memcpy                        
000022b7  memset                        
00001c45  scalbn                        
00001c45  scalbnl                       
000026f5  sprintf                       
000029c5  strchr                        
000029db  strlen                        
20000210  ui32ADC0Value                 
20000214  voltaj                        
000029ef  wcslen                        


GLOBAL SYMBOLS: SORTED BY Symbol Address 

address   name                          
-------   ----                          
00000000  __TI_static_base__            
00000000  g_pfnVectors                  
00000200  __STACK_SIZE                  
0000026d  __TI_printfi                  
00000cbb  __aeabi_idiv0                 
00000cbb  __aeabi_ldiv0                 
00000f2d  Lcd_Pulse_Enable              
00000f55  Lcd_Gonder                    
00000fc7  Lcd_Komut                     
00000fd9  Lcd_Yaz_Char                  
00000feb  Lcd_Yaz_String                
00001009  Lcd_Temizle                   
0000101b  Lcd_Konum                     
00001043  Lcd_Init                      
000012dd  __aeabi_dsub                  
000012e7  __aeabi_dadd                  
00001495  Setup_ADC                     
000014df  main                          
00001629  GPIOPadConfigSet              
000018d1  __aeabi_ddiv                  
00001b2d  SysCtlClockGet                
00001c45  ldexp                         
00001c45  ldexpl                        
00001c45  scalbn                        
00001c45  scalbnl                       
00001d55  __aeabi_dmul                  
00001e51  SysCtlClockSet                
00001ff7  __aeabi_memcpy                
00001ff7  __aeabi_memcpy4               
00001ff7  __aeabi_memcpy8               
00001ff7  memcpy                        
00002093  __aeabi_uldivmod              
00002129  __aeabi_cdcmpeq               
00002129  __aeabi_cdcmple               
000021af  __aeabi_cdrcmple              
00002235  ADCSequenceStepConfigure      
000022af  __aeabi_memclr                
000022af  __aeabi_memclr4               
000022af  __aeabi_memclr8               
000022b1  __aeabi_memset                
000022b1  __aeabi_memset4               
000022b1  __aeabi_memset8               
000022b7  memset                        
00002397  __aeabi_d2f                   
00002405  __TI_decompress_lzss          
0000246d  frexp                         
0000246d  frexpl                        
00002527  __TI_ltoa                     
000025cd  ADCSequenceConfigure          
0000261d  atoi                          
00002669  __aeabi_d2iz                  
000026b1  __TI_auto_init_nobinit_nopinit
000026f5  sprintf                       
00002775  SysCtlPeripheralReady         
000027ad  __aeabi_f2d                   
000027e5  SysCtlPeripheralEnable        
00002819  _c_int00_noargs               
0000284d  ADCIntStatus                  
0000287b  __aeabi_i2d                   
000028a9  GPIODirModeSet                
000028d5  __aeabi_ui2d                  
000028f5  ADCSequenceDataGet            
00002913  __TI_zero_init_nomemset       
0000292f  memccpy                       
0000294b  GPIOPinTypeGPIOOutput         
00002965  copysign                      
00002965  copysignl                     
0000297f  ADCProcessorTrigger           
000029af  GPIOPinTypeADC                
000029c5  strchr                        
000029db  strlen                        
000029ef  wcslen                        
00002a01  ADCSequenceEnable             
00002a0f  __TI_decompress_none          
00002a1d  ResetISR                      
00002a29  ADCIntClear                   
00002a3d  __aeabi_errno_addr            
00002a45  GPIOPinWrite                  
00002a4b  SysCtlDelay                   
00002a51  _system_pre_init              
00002a55  C$$EXIT                       
00002a55  abort                         
00002a58  _ctypes_                      
00002bc8  __TI_Handler_Table_Base       
00002bd4  __TI_Handler_Table_Limit      
00002be8  __TI_CINIT_Base               
00002bf8  __TI_CINIT_Limit              
20000000  __stack                       
20000000  __start___llvm_prf_cnts       
20000000  __stop___llvm_prf_cnts        
20000200  __STACK_END                   
20000200  __STACK_TOP                   
20000200  buffer                        
20000210  ui32ADC0Value                 
20000214  voltaj                        
20000218  errno                         
ffffffff  __TI_pprof_out_hndl           
ffffffff  __TI_prof_data_size           
ffffffff  __TI_prof_data_start          
ffffffff  __binit__                     
ffffffff  __c_args__                    
ffffffff  binit                         
UNDEFED   __mpu_init                    
UNDEFED   _system_post_cinit            

[104 symbols]
