******************************************************************************
                  TI ARM Linker PC v20.2.7                     
******************************************************************************
>> Linked Thu Dec 18 19:32:11 2025

OUTPUT FILE NAME:   <Saat_odevi.out>
ENTRY POINT SYMBOL: "_c_int00_noargs"  address: 00000c69


MEMORY CONFIGURATION

         name            origin    length      used     unused   attr    fill
----------------------  --------  ---------  --------  --------  ----  --------
  FLASH                 00000000   00040000  00000ee2  0003f11e  R  X
  SRAM                  20000000   00008000  00000478  00007b88  RW X


SEGMENT ALLOCATION MAP

run origin  load origin   length   init length attrs members
----------  ----------- ---------- ----------- ----- -------
00000000    00000000    00000ee8   00000ee8    r-x
  00000000    00000000    0000026c   0000026c    r-- .intvecs
  0000026c    0000026c    00000b26   00000b26    r-x .text
  00000d94    00000d94    00000120   00000120    r-- .const
  00000eb8    00000eb8    00000030   00000030    r-- .cinit
20000000    20000000    0000047c   00000000    rw-
  20000000    20000000    0000026c   00000000    rw- .vtable
  20000270    20000270    00000200   00000000    rw- .stack
  20000470    20000470    0000000c   00000000    rw- .data


SECTION ALLOCATION MAP

 output                                  attributes/
section   page    origin      length       input sections
--------  ----  ----------  ----------   ----------------
.intvecs   0    00000000    0000026c     
                  00000000    0000026c     tm4c123gh6pm_startup_ccs.obj (.intvecs)

.text      0    0000026c    00000b26     
                  0000026c    000001e0     lcd.obj (.text)
                  0000044c    000001a8     main.obj (.text)
                  000005f4    0000016c     driverlib.lib : gpio.obj (.text:GPIOPadConfigSet)
                  00000760    00000118                   : sysctl.obj (.text:SysCtlClockGet)
                  00000878    000000f4                   : sysctl.obj (.text:SysCtlClockSet)
                  0000096c    0000009c     rtsv7M4_T_le_v4SPD16_eabi.lib : memcpy_t2.asm.obj (.text)
                  00000a08    00000068     driverlib.lib : interrupt.obj (.text:IntEnable)
                  00000a70    00000068     rtsv7M4_T_le_v4SPD16_eabi.lib : copy_decompress_lzss.c.obj (.text:decompress:lzss:__TI_decompress_lzss)
                  00000ad8    00000060     driverlib.lib : timer.obj (.text:TimerConfigure)
                  00000b38    0000004c                   : timer.obj (.text:_TimerIntNumberGet)
                  00000b84    00000044     rtsv7M4_T_le_v4SPD16_eabi.lib : autoinit.c.obj (.text:__TI_auto_init_nobinit_nopinit:__TI_auto_init_nobinit_nopinit)
                  00000bc8    00000038     driverlib.lib : sysctl.obj (.text:SysCtlPeripheralReady)
                  00000c00    00000034                   : interrupt.obj (.text:IntRegister)
                  00000c34    00000034                   : sysctl.obj (.text:SysCtlPeripheralEnable)
                  00000c68    00000034     rtsv7M4_T_le_v4SPD16_eabi.lib : boot_cortex_m.c.obj (.text:_c_int00_noargs:_c_int00_noargs)
                  00000c9c    0000002c     driverlib.lib : gpio.obj (.text:GPIODirModeSet)
                  00000cc8    0000001c     rtsv7M4_T_le_v4SPD16_eabi.lib : copy_zero_init.c.obj (.text:decompress:ZI:__TI_zero_init_nomemset:__TI_zero_init_nomemset)
                  00000ce4    0000001a     driverlib.lib : gpio.obj (.text:GPIOPinTypeGPIOOutput)
                  00000cfe    00000018                   : timer.obj (.text:TimerIntRegister)
                  00000d16    00000012                   : timer.obj (.text:TimerLoadSet)
                  00000d28    00000010                   : interrupt.obj (.text:IntMasterEnable)
                  00000d38    0000000e                   : timer.obj (.text:TimerEnable)
                  00000d46    0000000e     rtsv7M4_T_le_v4SPD16_eabi.lib : copy_decompress_none.c.obj (.text:decompress:none:__TI_decompress_none)
                  00000d54    0000000c     driverlib.lib : cpu.obj (.text:CPUcpsie)
                  00000d60    0000000c     tm4c123gh6pm_startup_ccs.obj (.text)
                  00000d6c    00000008     driverlib.lib : timer.obj (.text:TimerIntEnable)
                  00000d74    00000006                   : gpio.obj (.text:GPIOPinRead)
                  00000d7a    00000006                   : gpio.obj (.text:GPIOPinWrite)
                  00000d80    00000006                   : sysctl.obj (.text:SysCtlDelay)
                  00000d86    00000004                   : timer.obj (.text:TimerIntClear)
                  00000d8a    00000004     rtsv7M4_T_le_v4SPD16_eabi.lib : pre_init.c.obj (.text:_system_pre_init)
                  00000d8e    00000004                                   : exit.c.obj (.text:abort:abort)

.const     0    00000d94    00000120     
                  00000d94    0000006c     driverlib.lib : sysctl.obj (.const:g_pui32Xtals)
                  00000e00    00000060                   : timer.obj (.const:g_ppui32TimerIntMap)
                  00000e60    00000040                   : timer.obj (.const:g_ppui32TimerIntMapSnowflake)
                  00000ea0    00000014                   : interrupt.obj (.const:g_pui32EnRegs)

.cinit     0    00000eb8    00000030     
                  00000eb8    0000000c     (__TI_handler_table)
                  00000ec4    00000004     --HOLE-- [fill = 0]
                  00000ec8    00000008     (.cinit..vtable.load) [load image, compression = zero_init]
                  00000ed0    00000007     (.cinit..data.load) [load image, compression = lzss]
                  00000ed7    00000001     --HOLE-- [fill = 0]
                  00000ed8    00000010     (__TI_cinit_table)

.init_array 
*          0    00000000    00000000     UNINITIALIZED

.vtable    0    20000000    0000026c     UNINITIALIZED
                  20000000    0000026c     driverlib.lib : interrupt.obj (.vtable)

.data      0    20000470    0000000c     UNINITIALIZED
                  20000470    0000000c     main.obj (.data)

.stack     0    20000270    00000200     UNINITIALIZED
                  20000270    00000004     rtsv7M4_T_le_v4SPD16_eabi.lib : boot_cortex_m.c.obj (.stack)
                  20000274    000001fc     --HOLE--

__llvm_prf_cnts 
*          0    20000000    00000000     UNINITIALIZED

MODULE SUMMARY

       Module                         code   ro data   rw data
       ------                         ----   -------   -------
    .\
       tm4c123gh6pm_startup_ccs.obj   12     620       0      
       lcd.obj                        480    0         0      
       main.obj                       424    0         12     
    +--+------------------------------+------+---------+---------+
       Total:                         916    620       12     
                                                              
    C:/ti/TivaWare_C_Series-2.2.0.295/driverlib/ccs/Debug/driverlib.lib
       interrupt.obj                  172    20        620    
       sysctl.obj                     638    108       0      
       gpio.obj                       446    0         0      
       timer.obj                      240    160       0      
       cpu.obj                        12     0         0      
    +--+------------------------------+------+---------+---------+
       Total:                         1508   288       620    
                                                              
    C:\ti\ccs1281\ccs\tools\compiler\ti-cgt-arm_20.2.7.LTS\lib\rtsv7M4_T_le_v4SPD16_eabi.lib
       memcpy_t2.asm.obj              156    0         0      
       copy_decompress_lzss.c.obj     104    0         0      
       autoinit.c.obj                 68     0         0      
       boot_cortex_m.c.obj            52     0         0      
       copy_zero_init.c.obj           28     0         0      
       copy_decompress_none.c.obj     14     0         0      
       exit.c.obj                     4      0         0      
       pre_init.c.obj                 4      0         0      
    +--+------------------------------+------+---------+---------+
       Total:                         430    0         0      
                                                              
       Stack:                         0      0         512    
       Linker Generated:              0      43        0      
    +--+------------------------------+------+---------+---------+
       Grand Total:                   2854   951       1144   


LINKER GENERATED COPY TABLES

__TI_cinit_table @ 00000ed8 records: 2, size/record: 8, table size: 16
	.vtable: load addr=00000ec8, load size=00000008 bytes, run addr=20000000, run size=0000026c bytes, compression=zero_init
	.data: load addr=00000ed0, load size=00000007 bytes, run addr=20000470, run size=0000000c bytes, compression=lzss


LINKER GENERATED HANDLER TABLE

__TI_handler_table @ 00000eb8 records: 3, size/record: 4, table size: 12
	index: 0, handler: __TI_zero_init
	index: 1, handler: __TI_decompress_lzss
	index: 2, handler: __TI_decompress_none


GLOBAL SYMBOLS: SORTED ALPHABETICALLY BY Name 

address   name                          
-------   ----                          
00000d8f  C$$EXIT                       
00000d55  CPUcpsie                      
00000c9d  GPIODirModeSet                
000005f5  GPIOPadConfigSet              
00000d75  GPIOPinRead                   
00000ce5  GPIOPinTypeGPIOOutput         
00000d7b  GPIOPinWrite                  
00000a09  IntEnable                     
00000d29  IntMasterEnable               
00000c01  IntRegister                   
00000295  Lcd_Gonder                    
00000383  Lcd_Init                      
00000307  Lcd_Komut                     
0000035b  Lcd_Konum                     
0000026d  Lcd_Pulse_Enable              
00000349  Lcd_Temizle                   
00000319  Lcd_Yaz_Char                  
0000032b  Lcd_Yaz_String                
00000d61  ResetISR                      
00000531  Saat_Ekrana_Yaz               
00000761  SysCtlClockGet                
00000879  SysCtlClockSet                
00000d81  SysCtlDelay                   
00000c35  SysCtlPeripheralEnable        
00000bc9  SysCtlPeripheralReady         
000004bf  Timer0IntHandler              
00000ad9  TimerConfigure                
00000d39  TimerEnable                   
00000d87  TimerIntClear                 
00000d6d  TimerIntEnable                
00000cff  TimerIntRegister              
00000d17  TimerLoadSet                  
20000470  __STACK_END                   
00000200  __STACK_SIZE                  
20000470  __STACK_TOP                   
00000ed8  __TI_CINIT_Base               
00000ee8  __TI_CINIT_Limit              
00000eb8  __TI_Handler_Table_Base       
00000ec4  __TI_Handler_Table_Limit      
00000b85  __TI_auto_init_nobinit_nopinit
00000a71  __TI_decompress_lzss          
00000d47  __TI_decompress_none          
ffffffff  __TI_pprof_out_hndl           
ffffffff  __TI_prof_data_size           
ffffffff  __TI_prof_data_start          
00000000  __TI_static_base__            
00000cc9  __TI_zero_init_nomemset       
0000096d  __aeabi_memcpy                
0000096d  __aeabi_memcpy4               
0000096d  __aeabi_memcpy8               
ffffffff  __binit__                     
ffffffff  __c_args__                    
UNDEFED   __mpu_init                    
20000270  __stack                       
20000000  __start___llvm_prf_cnts       
20000000  __stop___llvm_prf_cnts        
00000c69  _c_int00_noargs               
UNDEFED   _system_post_cinit            
00000d8b  _system_pre_init              
00000d8f  abort                         
ffffffff  binit                         
20000474  dk                            
20000000  g_pfnRAMVectors               
00000000  g_pfnVectors                  
00000463  init_donanim                  
0000044d  main                          
0000096d  memcpy                        
20000478  sa                            
20000470  sn                            


GLOBAL SYMBOLS: SORTED BY Symbol Address 

address   name                          
-------   ----                          
00000000  __TI_static_base__            
00000000  g_pfnVectors                  
00000200  __STACK_SIZE                  
0000026d  Lcd_Pulse_Enable              
00000295  Lcd_Gonder                    
00000307  Lcd_Komut                     
00000319  Lcd_Yaz_Char                  
0000032b  Lcd_Yaz_String                
00000349  Lcd_Temizle                   
0000035b  Lcd_Konum                     
00000383  Lcd_Init                      
0000044d  main                          
00000463  init_donanim                  
000004bf  Timer0IntHandler              
00000531  Saat_Ekrana_Yaz               
000005f5  GPIOPadConfigSet              
00000761  SysCtlClockGet                
00000879  SysCtlClockSet                
0000096d  __aeabi_memcpy                
0000096d  __aeabi_memcpy4               
0000096d  __aeabi_memcpy8               
0000096d  memcpy                        
00000a09  IntEnable                     
00000a71  __TI_decompress_lzss          
00000ad9  TimerConfigure                
00000b85  __TI_auto_init_nobinit_nopinit
00000bc9  SysCtlPeripheralReady         
00000c01  IntRegister                   
00000c35  SysCtlPeripheralEnable        
00000c69  _c_int00_noargs               
00000c9d  GPIODirModeSet                
00000cc9  __TI_zero_init_nomemset       
00000ce5  GPIOPinTypeGPIOOutput         
00000cff  TimerIntRegister              
00000d17  TimerLoadSet                  
00000d29  IntMasterEnable               
00000d39  TimerEnable                   
00000d47  __TI_decompress_none          
00000d55  CPUcpsie                      
00000d61  ResetISR                      
00000d6d  TimerIntEnable                
00000d75  GPIOPinRead                   
00000d7b  GPIOPinWrite                  
00000d81  SysCtlDelay                   
00000d87  TimerIntClear                 
00000d8b  _system_pre_init              
00000d8f  C$$EXIT                       
00000d8f  abort                         
00000eb8  __TI_Handler_Table_Base       
00000ec4  __TI_Handler_Table_Limit      
00000ed8  __TI_CINIT_Base               
00000ee8  __TI_CINIT_Limit              
20000000  __start___llvm_prf_cnts       
20000000  __stop___llvm_prf_cnts        
20000000  g_pfnRAMVectors               
20000270  __stack                       
20000470  __STACK_END                   
20000470  __STACK_TOP                   
20000470  sn                            
20000474  dk                            
20000478  sa                            
ffffffff  __TI_pprof_out_hndl           
ffffffff  __TI_prof_data_size           
ffffffff  __TI_prof_data_start          
ffffffff  __binit__                     
ffffffff  __c_args__                    
ffffffff  binit                         
UNDEFED   __mpu_init                    
UNDEFED   _system_post_cinit            

[69 symbols]
